
[arm64-v8a] Compile        : hello-jni <= hello-jni.c
/mnt/ntfs/android/android-ndk-r10d/toolchains/aarch64-linux-android-4.9/prebuilt/linux-x86_64/bin/aarch64-linux-android-gcc -MMD -MP -MF ./obj/local/arm64-v8a/objs-debug/hello-jni/hello-jni.o.d -fpic -ffunction-sections -funwind-tables -fstack-protector -no-canonical-prefixes -O2 -g -DNDEBUG -fomit-frame-pointer -fstrict-aliasing -funswitch-loops -finline-limit=300 -O0 -UNDEBUG -fno-omit-frame-pointer -fno-strict-aliasing -I/mnt/ntfs/android/android-ndk-r10d/sources/cxx-stl/llvm-libc++/libcxx/include -I/mnt/ntfs/android/android-ndk-r10d/sources/cxx-stl/llvm-libc++/../llvm-libc++abi/libcxxabi/include -I/mnt/ntfs/android/android-ndk-r10d/sources/cxx-stl/llvm-libc++/../../android/support/include -Ijni -DANDROID  -Wa,--noexecstack -Wformat -Werror=format-security    -I/mnt/ntfs/android/android-ndk-r10d/platforms/android-21/arch-arm64/usr/include -c  jni/hello-jni.c -o ./obj/local/arm64-v8a/objs-debug/hello-jni/hello-jni.o 

[arm64-v8a] Compile++      : hello-jni <= Semmi.cpp
/mnt/ntfs/android/android-ndk-r10d/toolchains/aarch64-linux-android-4.9/prebuilt/linux-x86_64/bin/aarch64-linux-android-g++ -MMD -MP -MF ./obj/local/arm64-v8a/objs-debug/hello-jni/Semmi.o.d -fpic -ffunction-sections -funwind-tables -fstack-protector -no-canonical-prefixes -fno-exceptions -fno-rtti -O2 -g -DNDEBUG -fomit-frame-pointer -fstrict-aliasing -funswitch-loops -finline-limit=300 -O0 -UNDEBUG -fno-omit-frame-pointer -fno-strict-aliasing -I/mnt/ntfs/android/android-ndk-r10d/sources/cxx-stl/llvm-libc++/libcxx/include -I/mnt/ntfs/android/android-ndk-r10d/sources/cxx-stl/llvm-libc++/../llvm-libc++abi/libcxxabi/include -I/mnt/ntfs/android/android-ndk-r10d/sources/cxx-stl/llvm-libc++/../../android/support/include -Ijni -DANDROID  -Wa,--noexecstack -Wformat -Werror=format-security -std=c++11 -fno-strict-aliasing     -I/mnt/ntfs/android/android-ndk-r10d/platforms/android-21/arch-arm64/usr/include -c  jni/Semmi.cpp -o ./obj/local/arm64-v8a/objs-debug/hello-jni/Semmi.o 

[arm64-v8a] SharedLibrary  : libhello-jni.so
/mnt/ntfs/android/android-ndk-r10d/toolchains/aarch64-linux-android-4.9/prebuilt/linux-x86_64/bin/aarch64-linux-android-g++ -Wl,-soname,libhello-jni.so -shared --sysroot=/mnt/ntfs/android/android-ndk-r10d/platforms/android-21/arch-arm64 ./obj/local/arm64-v8a/objs-debug/hello-jni/hello-jni.o ./obj/local/arm64-v8a/objs-debug/hello-jni/Semmi.o /mnt/ntfs/android/android-ndk-r10d/sources/cxx-stl/llvm-libc++/libs/arm64-v8a/libc++_static.a -lgcc -no-canonical-prefixes  -Wl,--no-undefined -Wl,-z,noexecstack -Wl,-z,relro -Wl,-z,now   -lc -lm -o ./obj/local/arm64-v8a/libhello-jni.so

[arm64-v8a] Install        : libhello-jni.so => libs/arm64-v8a/libhello-jni.so
install -p ./obj/local/arm64-v8a/libhello-jni.so ./libs/arm64-v8a/libhello-jni.so
/mnt/ntfs/android/android-ndk-r10d/toolchains/aarch64-linux-android-4.9/prebuilt/linux-x86_64/bin/aarch64-linux-android-strip --strip-unneeded  ./libs/arm64-v8a/libhello-jni.so

[x86_64] Compile        : hello-jni <= hello-jni.c
/mnt/ntfs/android/android-ndk-r10d/toolchains/x86_64-4.9/prebuilt/linux-x86_64/bin/x86_64-linux-android-gcc -MMD -MP -MF ./obj/local/x86_64/objs-debug/hello-jni/hello-jni.o.d -ffunction-sections -funwind-tables -fstack-protector -no-canonical-prefixes -O2 -g -DNDEBUG -fomit-frame-pointer -fstrict-aliasing -funswitch-loops -finline-limit=300 -O0 -UNDEBUG -fno-omit-frame-pointer -fno-strict-aliasing -I/mnt/ntfs/android/android-ndk-r10d/sources/cxx-stl/llvm-libc++/libcxx/include -I/mnt/ntfs/android/android-ndk-r10d/sources/cxx-stl/llvm-libc++/../gabi++/include -I/mnt/ntfs/android/android-ndk-r10d/sources/cxx-stl/llvm-libc++/../../android/support/include -Ijni -DANDROID  -Wa,--noexecstack -Wformat -Werror=format-security    -I/mnt/ntfs/android/android-ndk-r10d/platforms/android-21/arch-x86_64/usr/include -c  jni/hello-jni.c -o ./obj/local/x86_64/objs-debug/hello-jni/hello-jni.o 

[x86_64] Compile++      : hello-jni <= Semmi.cpp
/mnt/ntfs/android/android-ndk-r10d/toolchains/x86_64-4.9/prebuilt/linux-x86_64/bin/x86_64-linux-android-g++ -MMD -MP -MF ./obj/local/x86_64/objs-debug/hello-jni/Semmi.o.d -ffunction-sections -funwind-tables -fstack-protector -no-canonical-prefixes -fno-exceptions -fno-rtti -O2 -g -DNDEBUG -fomit-frame-pointer -fstrict-aliasing -funswitch-loops -finline-limit=300 -O0 -UNDEBUG -fno-omit-frame-pointer -fno-strict-aliasing -I/mnt/ntfs/android/android-ndk-r10d/sources/cxx-stl/llvm-libc++/libcxx/include -I/mnt/ntfs/android/android-ndk-r10d/sources/cxx-stl/llvm-libc++/../gabi++/include -I/mnt/ntfs/android/android-ndk-r10d/sources/cxx-stl/llvm-libc++/../../android/support/include -Ijni -DANDROID  -Wa,--noexecstack -Wformat -Werror=format-security -std=c++11 -fno-strict-aliasing     -I/mnt/ntfs/android/android-ndk-r10d/platforms/android-21/arch-x86_64/usr/include -c  jni/Semmi.cpp -o ./obj/local/x86_64/objs-debug/hello-jni/Semmi.o 

[x86_64] SharedLibrary  : libhello-jni.so
/mnt/ntfs/android/android-ndk-r10d/toolchains/x86_64-4.9/prebuilt/linux-x86_64/bin/x86_64-linux-android-g++ -Wl,-soname,libhello-jni.so -shared --sysroot=/mnt/ntfs/android/android-ndk-r10d/platforms/android-21/arch-x86_64 ./obj/local/x86_64/objs-debug/hello-jni/hello-jni.o ./obj/local/x86_64/objs-debug/hello-jni/Semmi.o /mnt/ntfs/android/android-ndk-r10d/sources/cxx-stl/llvm-libc++/libs/x86_64/libc++_static.a -lgcc -no-canonical-prefixes  -Wl,--no-undefined -Wl,-z,noexecstack -Wl,-z,relro -Wl,-z,now   -lc -lm -o ./obj/local/x86_64/libhello-jni.so

[x86_64] Install        : libhello-jni.so => libs/x86_64/libhello-jni.so
install -p ./obj/local/x86_64/libhello-jni.so ./libs/x86_64/libhello-jni.so
/mnt/ntfs/android/android-ndk-r10d/toolchains/x86_64-4.9/prebuilt/linux-x86_64/bin/x86_64-linux-android-strip --strip-unneeded  ./libs/x86_64/libhello-jni.so

[mips64] Compile        : hello-jni <= hello-jni.c
/mnt/ntfs/android/android-ndk-r10d/toolchains/mips64el-linux-android-4.9/prebuilt/linux-x86_64/bin/mips64el-linux-android-gcc -MMD -MP -MF ./obj/local/mips64/objs-debug/hello-jni/hello-jni.o.d -fpic -fno-strict-aliasing -finline-functions -ffunction-sections -funwind-tables -fmessage-length=0 -fno-inline-functions-called-once -fgcse-after-reload -frerun-cse-after-loop -frename-registers -no-canonical-prefixes -O0 -g -fno-omit-frame-pointer -I/mnt/ntfs/android/android-ndk-r10d/sources/cxx-stl/llvm-libc++/libcxx/include -I/mnt/ntfs/android/android-ndk-r10d/sources/cxx-stl/llvm-libc++/../gabi++/include -I/mnt/ntfs/android/android-ndk-r10d/sources/cxx-stl/llvm-libc++/../../android/support/include -Ijni -DANDROID  -Wa,--noexecstack -Wformat -Werror=format-security    -I/mnt/ntfs/android/android-ndk-r10d/platforms/android-21/arch-mips64/usr/include -c  jni/hello-jni.c -o ./obj/local/mips64/objs-debug/hello-jni/hello-jni.o 

[mips64] Compile++      : hello-jni <= Semmi.cpp
/mnt/ntfs/android/android-ndk-r10d/toolchains/mips64el-linux-android-4.9/prebuilt/linux-x86_64/bin/mips64el-linux-android-g++ -MMD -MP -MF ./obj/local/mips64/objs-debug/hello-jni/Semmi.o.d -fpic -fno-strict-aliasing -finline-functions -ffunction-sections -funwind-tables -fmessage-length=0 -fno-inline-functions-called-once -fgcse-after-reload -frerun-cse-after-loop -frename-registers -no-canonical-prefixes -fno-exceptions -fno-rtti -O0 -g -fno-omit-frame-pointer -I/mnt/ntfs/android/android-ndk-r10d/sources/cxx-stl/llvm-libc++/libcxx/include -I/mnt/ntfs/android/android-ndk-r10d/sources/cxx-stl/llvm-libc++/../gabi++/include -I/mnt/ntfs/android/android-ndk-r10d/sources/cxx-stl/llvm-libc++/../../android/support/include -Ijni -DANDROID  -Wa,--noexecstack -Wformat -Werror=format-security -std=c++11 -fno-strict-aliasing     -I/mnt/ntfs/android/android-ndk-r10d/platforms/android-21/arch-mips64/usr/include -c  jni/Semmi.cpp -o ./obj/local/mips64/objs-debug/hello-jni/Semmi.o 

[mips64] SharedLibrary  : libhello-jni.so
/mnt/ntfs/android/android-ndk-r10d/toolchains/mips64el-linux-android-4.9/prebuilt/linux-x86_64/bin/mips64el-linux-android-g++ -Wl,-soname,libhello-jni.so -shared --sysroot=/mnt/ntfs/android/android-ndk-r10d/platforms/android-21/arch-mips64 ./obj/local/mips64/objs-debug/hello-jni/hello-jni.o ./obj/local/mips64/objs-debug/hello-jni/Semmi.o /mnt/ntfs/android/android-ndk-r10d/sources/cxx-stl/llvm-libc++/libs/mips64/libc++_static.a -lgcc -no-canonical-prefixes  -Wl,--no-undefined -Wl,-z,noexecstack -Wl,-z,relro -Wl,-z,now   -lc -lm -o ./obj/local/mips64/libhello-jni.so

[mips64] Install        : libhello-jni.so => libs/mips64/libhello-jni.so
install -p ./obj/local/mips64/libhello-jni.so ./libs/mips64/libhello-jni.so
/mnt/ntfs/android/android-ndk-r10d/toolchains/mips64el-linux-android-4.9/prebuilt/linux-x86_64/bin/mips64el-linux-android-strip --strip-unneeded  ./libs/mips64/libhello-jni.so

[armeabi-v7a] Compile thumb  : hello-jni <= hello-jni.c
/mnt/ntfs/android/android-ndk-r10d/toolchains/arm-linux-androideabi-4.8/prebuilt/linux-x86_64/bin/arm-linux-androideabi-gcc -MMD -MP -MF ./obj/local/armeabi-v7a/objs-debug/hello-jni/hello-jni.o.d -fpic -ffunction-sections -funwind-tables -fstack-protector -no-canonical-prefixes -march=armv7-a -mfpu=vfpv3-d16 -mfloat-abi=softfp -mthumb -Os -g -DNDEBUG -fomit-frame-pointer -fno-strict-aliasing -finline-limit=64 -O0 -UNDEBUG -marm -fno-omit-frame-pointer -I/mnt/ntfs/android/android-ndk-r10d/sources/cxx-stl/llvm-libc++/libcxx/include -I/mnt/ntfs/android/android-ndk-r10d/sources/cxx-stl/llvm-libc++/../llvm-libc++abi/libcxxabi/include -I/mnt/ntfs/android/android-ndk-r10d/sources/cxx-stl/llvm-libc++/../../android/support/include -Ijni -DANDROID  -Wa,--noexecstack -Wformat -Werror=format-security    -I/mnt/ntfs/android/android-ndk-r10d/platforms/android-3/arch-arm/usr/include -c  jni/hello-jni.c -o ./obj/local/armeabi-v7a/objs-debug/hello-jni/hello-jni.o 

[armeabi-v7a] Compile++ thumb: hello-jni <= Semmi.cpp
/mnt/ntfs/android/android-ndk-r10d/toolchains/arm-linux-androideabi-4.8/prebuilt/linux-x86_64/bin/arm-linux-androideabi-g++ -MMD -MP -MF ./obj/local/armeabi-v7a/objs-debug/hello-jni/Semmi.o.d -fpic -ffunction-sections -funwind-tables -fstack-protector -no-canonical-prefixes -march=armv7-a -mfpu=vfpv3-d16 -mfloat-abi=softfp -fno-exceptions -fno-rtti -mthumb -Os -g -DNDEBUG -fomit-frame-pointer -fno-strict-aliasing -finline-limit=64 -O0 -UNDEBUG -marm -fno-omit-frame-pointer -I/mnt/ntfs/android/android-ndk-r10d/sources/cxx-stl/llvm-libc++/libcxx/include -I/mnt/ntfs/android/android-ndk-r10d/sources/cxx-stl/llvm-libc++/../llvm-libc++abi/libcxxabi/include -I/mnt/ntfs/android/android-ndk-r10d/sources/cxx-stl/llvm-libc++/../../android/support/include -Ijni -DANDROID  -Wa,--noexecstack -Wformat -Werror=format-security -std=c++11 -fno-strict-aliasing     -I/mnt/ntfs/android/android-ndk-r10d/platforms/android-3/arch-arm/usr/include -c  jni/Semmi.cpp -o ./obj/local/armeabi-v7a/objs-debug/hello-jni/Semmi.o 

[armeabi-v7a] SharedLibrary  : libhello-jni.so
/mnt/ntfs/android/android-ndk-r10d/toolchains/arm-linux-androideabi-4.8/prebuilt/linux-x86_64/bin/arm-linux-androideabi-g++ -Wl,-soname,libhello-jni.so -shared --sysroot=/mnt/ntfs/android/android-ndk-r10d/platforms/android-3/arch-arm ./obj/local/armeabi-v7a/objs-debug/hello-jni/hello-jni.o ./obj/local/armeabi-v7a/objs-debug/hello-jni/Semmi.o /mnt/ntfs/android/android-ndk-r10d/sources/cxx-stl/llvm-libc++/libs/armeabi-v7a/thumb/libc++_static.a -lgcc -no-canonical-prefixes -march=armv7-a -Wl,--fix-cortex-a8  -Wl,--no-undefined -Wl,-z,noexecstack -Wl,-z,relro -Wl,-z,now   -lc -lm -o ./obj/local/armeabi-v7a/libhello-jni.so

[armeabi-v7a] Install        : libhello-jni.so => libs/armeabi-v7a/libhello-jni.so
install -p ./obj/local/armeabi-v7a/libhello-jni.so ./libs/armeabi-v7a/libhello-jni.so
/mnt/ntfs/android/android-ndk-r10d/toolchains/arm-linux-androideabi-4.8/prebuilt/linux-x86_64/bin/arm-linux-androideabi-strip --strip-unneeded  ./libs/armeabi-v7a/libhello-jni.so

[armeabi] Compile thumb  : hello-jni <= hello-jni.c
/mnt/ntfs/android/android-ndk-r10d/toolchains/arm-linux-androideabi-4.8/prebuilt/linux-x86_64/bin/arm-linux-androideabi-gcc -MMD -MP -MF ./obj/local/armeabi/objs-debug/hello-jni/hello-jni.o.d -fpic -ffunction-sections -funwind-tables -fstack-protector -no-canonical-prefixes -march=armv5te -mtune=xscale -msoft-float -mthumb -Os -g -DNDEBUG -fomit-frame-pointer -fno-strict-aliasing -finline-limit=64 -O0 -UNDEBUG -marm -fno-omit-frame-pointer -I/mnt/ntfs/android/android-ndk-r10d/sources/cxx-stl/llvm-libc++/libcxx/include -I/mnt/ntfs/android/android-ndk-r10d/sources/cxx-stl/llvm-libc++/../llvm-libc++abi/libcxxabi/include -I/mnt/ntfs/android/android-ndk-r10d/sources/cxx-stl/llvm-libc++/../../android/support/include -Ijni -DANDROID  -Wa,--noexecstack -Wformat -Werror=format-security    -I/mnt/ntfs/android/android-ndk-r10d/platforms/android-3/arch-arm/usr/include -c  jni/hello-jni.c -o ./obj/local/armeabi/objs-debug/hello-jni/hello-jni.o 

[armeabi] Compile++ thumb: hello-jni <= Semmi.cpp
/mnt/ntfs/android/android-ndk-r10d/toolchains/arm-linux-androideabi-4.8/prebuilt/linux-x86_64/bin/arm-linux-androideabi-g++ -MMD -MP -MF ./obj/local/armeabi/objs-debug/hello-jni/Semmi.o.d -fpic -ffunction-sections -funwind-tables -fstack-protector -no-canonical-prefixes -march=armv5te -mtune=xscale -msoft-float -fno-exceptions -fno-rtti -mthumb -Os -g -DNDEBUG -fomit-frame-pointer -fno-strict-aliasing -finline-limit=64 -O0 -UNDEBUG -marm -fno-omit-frame-pointer -I/mnt/ntfs/android/android-ndk-r10d/sources/cxx-stl/llvm-libc++/libcxx/include -I/mnt/ntfs/android/android-ndk-r10d/sources/cxx-stl/llvm-libc++/../llvm-libc++abi/libcxxabi/include -I/mnt/ntfs/android/android-ndk-r10d/sources/cxx-stl/llvm-libc++/../../android/support/include -Ijni -DANDROID  -Wa,--noexecstack -Wformat -Werror=format-security -std=c++11 -fno-strict-aliasing     -I/mnt/ntfs/android/android-ndk-r10d/platforms/android-3/arch-arm/usr/include -c  jni/Semmi.cpp -o ./obj/local/armeabi/objs-debug/hello-jni/Semmi.o 

[armeabi] SharedLibrary  : libhello-jni.so
/mnt/ntfs/android/android-ndk-r10d/toolchains/arm-linux-androideabi-4.8/prebuilt/linux-x86_64/bin/arm-linux-androideabi-g++ -Wl,-soname,libhello-jni.so -shared --sysroot=/mnt/ntfs/android/android-ndk-r10d/platforms/android-3/arch-arm ./obj/local/armeabi/objs-debug/hello-jni/hello-jni.o ./obj/local/armeabi/objs-debug/hello-jni/Semmi.o /mnt/ntfs/android/android-ndk-r10d/sources/cxx-stl/llvm-libc++/libs/armeabi/thumb/libc++_static.a -lgcc -no-canonical-prefixes  -Wl,--no-undefined -Wl,-z,noexecstack -Wl,-z,relro -Wl,-z,now   -lc -lm -o ./obj/local/armeabi/libhello-jni.so

[armeabi] Install        : libhello-jni.so => libs/armeabi/libhello-jni.so
install -p ./obj/local/armeabi/libhello-jni.so ./libs/armeabi/libhello-jni.so
/mnt/ntfs/android/android-ndk-r10d/toolchains/arm-linux-androideabi-4.8/prebuilt/linux-x86_64/bin/arm-linux-androideabi-strip --strip-unneeded  ./libs/armeabi/libhello-jni.so

[x86] Compile        : hello-jni <= hello-jni.c
/mnt/ntfs/android/android-ndk-r10d/toolchains/x86-4.8/prebuilt/linux-x86_64/bin/i686-linux-android-gcc -MMD -MP -MF ./obj/local/x86/objs-debug/hello-jni/hello-jni.o.d -ffunction-sections -funwind-tables -no-canonical-prefixes -fstack-protector -O2 -g -DNDEBUG -fomit-frame-pointer -fstrict-aliasing -funswitch-loops -finline-limit=300 -O0 -UNDEBUG -fno-omit-frame-pointer -fno-strict-aliasing -I/mnt/ntfs/android/android-ndk-r10d/sources/cxx-stl/llvm-libc++/libcxx/include -I/mnt/ntfs/android/android-ndk-r10d/sources/cxx-stl/llvm-libc++/../gabi++/include -I/mnt/ntfs/android/android-ndk-r10d/sources/cxx-stl/llvm-libc++/../../android/support/include -Ijni -DANDROID  -Wa,--noexecstack -Wformat -Werror=format-security    -I/mnt/ntfs/android/android-ndk-r10d/platforms/android-9/arch-x86/usr/include -c  jni/hello-jni.c -o ./obj/local/x86/objs-debug/hello-jni/hello-jni.o 

[x86] Compile++      : hello-jni <= Semmi.cpp
/mnt/ntfs/android/android-ndk-r10d/toolchains/x86-4.8/prebuilt/linux-x86_64/bin/i686-linux-android-g++ -MMD -MP -MF ./obj/local/x86/objs-debug/hello-jni/Semmi.o.d -ffunction-sections -funwind-tables -no-canonical-prefixes -fstack-protector -fno-exceptions -fno-rtti -O2 -g -DNDEBUG -fomit-frame-pointer -fstrict-aliasing -funswitch-loops -finline-limit=300 -O0 -UNDEBUG -fno-omit-frame-pointer -fno-strict-aliasing -I/mnt/ntfs/android/android-ndk-r10d/sources/cxx-stl/llvm-libc++/libcxx/include -I/mnt/ntfs/android/android-ndk-r10d/sources/cxx-stl/llvm-libc++/../gabi++/include -I/mnt/ntfs/android/android-ndk-r10d/sources/cxx-stl/llvm-libc++/../../android/support/include -Ijni -DANDROID  -Wa,--noexecstack -Wformat -Werror=format-security -std=c++11 -fno-strict-aliasing     -I/mnt/ntfs/android/android-ndk-r10d/platforms/android-9/arch-x86/usr/include -c  jni/Semmi.cpp -o ./obj/local/x86/objs-debug/hello-jni/Semmi.o 

[x86] SharedLibrary  : libhello-jni.so
/mnt/ntfs/android/android-ndk-r10d/toolchains/x86-4.8/prebuilt/linux-x86_64/bin/i686-linux-android-g++ -Wl,-soname,libhello-jni.so -shared --sysroot=/mnt/ntfs/android/android-ndk-r10d/platforms/android-9/arch-x86 ./obj/local/x86/objs-debug/hello-jni/hello-jni.o ./obj/local/x86/objs-debug/hello-jni/Semmi.o /mnt/ntfs/android/android-ndk-r10d/sources/cxx-stl/llvm-libc++/libs/x86/libc++_static.a -lgcc -no-canonical-prefixes  -Wl,--no-undefined -Wl,-z,noexecstack -Wl,-z,relro -Wl,-z,now   -lc -lm -o ./obj/local/x86/libhello-jni.so

[x86] Install        : libhello-jni.so => libs/x86/libhello-jni.so
install -p ./obj/local/x86/libhello-jni.so ./libs/x86/libhello-jni.so
/mnt/ntfs/android/android-ndk-r10d/toolchains/x86-4.8/prebuilt/linux-x86_64/bin/i686-linux-android-strip --strip-unneeded  ./libs/x86/libhello-jni.so

[mips] Compile        : hello-jni <= hello-jni.c
/mnt/ntfs/android/android-ndk-r10d/toolchains/mipsel-linux-android-4.8/prebuilt/linux-x86_64/bin/mipsel-linux-android-gcc -MMD -MP -MF ./obj/local/mips/objs-debug/hello-jni/hello-jni.o.d -fpic -fno-strict-aliasing -finline-functions -ffunction-sections -funwind-tables -fmessage-length=0 -fno-inline-functions-called-once -fgcse-after-reload -frerun-cse-after-loop -frename-registers -no-canonical-prefixes -O0 -g -fno-omit-frame-pointer -I/mnt/ntfs/android/android-ndk-r10d/sources/cxx-stl/llvm-libc++/libcxx/include -I/mnt/ntfs/android/android-ndk-r10d/sources/cxx-stl/llvm-libc++/../gabi++/include -I/mnt/ntfs/android/android-ndk-r10d/sources/cxx-stl/llvm-libc++/../../android/support/include -Ijni -DANDROID  -Wa,--noexecstack -Wformat -Werror=format-security    -I/mnt/ntfs/android/android-ndk-r10d/platforms/android-9/arch-mips/usr/include -c  jni/hello-jni.c -o ./obj/local/mips/objs-debug/hello-jni/hello-jni.o 

[mips] Compile++      : hello-jni <= Semmi.cpp
/mnt/ntfs/android/android-ndk-r10d/toolchains/mipsel-linux-android-4.8/prebuilt/linux-x86_64/bin/mipsel-linux-android-g++ -MMD -MP -MF ./obj/local/mips/objs-debug/hello-jni/Semmi.o.d -fpic -fno-strict-aliasing -finline-functions -ffunction-sections -funwind-tables -fmessage-length=0 -fno-inline-functions-called-once -fgcse-after-reload -frerun-cse-after-loop -frename-registers -no-canonical-prefixes -fno-exceptions -fno-rtti -O0 -g -fno-omit-frame-pointer -I/mnt/ntfs/android/android-ndk-r10d/sources/cxx-stl/llvm-libc++/libcxx/include -I/mnt/ntfs/android/android-ndk-r10d/sources/cxx-stl/llvm-libc++/../gabi++/include -I/mnt/ntfs/android/android-ndk-r10d/sources/cxx-stl/llvm-libc++/../../android/support/include -Ijni -DANDROID  -Wa,--noexecstack -Wformat -Werror=format-security -std=c++11 -fno-strict-aliasing     -I/mnt/ntfs/android/android-ndk-r10d/platforms/android-9/arch-mips/usr/include -c  jni/Semmi.cpp -o ./obj/local/mips/objs-debug/hello-jni/Semmi.o 

[mips] SharedLibrary  : libhello-jni.so
/mnt/ntfs/android/android-ndk-r10d/toolchains/mipsel-linux-android-4.8/prebuilt/linux-x86_64/bin/mipsel-linux-android-g++ -Wl,-soname,libhello-jni.so -shared --sysroot=/mnt/ntfs/android/android-ndk-r10d/platforms/android-9/arch-mips ./obj/local/mips/objs-debug/hello-jni/hello-jni.o ./obj/local/mips/objs-debug/hello-jni/Semmi.o /mnt/ntfs/android/android-ndk-r10d/sources/cxx-stl/llvm-libc++/libs/mips/libc++_static.a -lgcc -no-canonical-prefixes  -Wl,--no-undefined -Wl,-z,noexecstack -Wl,-z,relro -Wl,-z,now   -lc -lm -o ./obj/local/mips/libhello-jni.so

[mips] Install        : libhello-jni.so => libs/mips/libhello-jni.so
install -p ./obj/local/mips/libhello-jni.so ./libs/mips/libhello-jni.so
/mnt/ntfs/android/android-ndk-r10d/toolchains/mipsel-linux-android-4.8/prebuilt/linux-x86_64/bin/mipsel-linux-android-strip --strip-unneeded  ./libs/mips/libhello-jni.so
